ASxxxx Linker V03.00 + NoICE + sdld,  page 1.
Hexadecimal  [32-Bits]

Area                                    Addr        Size        Decimal Bytes (Attributes)
--------------------------------        ----        ----        ------- ----- ------------
.  .ABS.                            00000000    00000000 =           0. bytes (ABS,CON)

      Value  Global                              Global Defined In Module
      -----  --------------------------------   ------------------------
     00000000  .__.ABS.                           
     00000000  l__BSEG                         
     00000000  l__BSS                          
     00000000  l__CABS                         
     00000000  l__DABS                         
     00000000  l__HEAP                         
     00000000  l__HOME                         
     00000000  l__INITIALIZED                  
     00000000  l__INITIALIZER                  
     00000000  s__CABS                         
     00000000  s__DABS                         
     00000001  l__GSFINAL                      
     00000005  l__DATA                         
     0000000F  l__GSINIT                       
     000011AF  l__CODE                         
     00004000  s__CODE                         
     000051AF  s__GSINIT                       
     000051AF  s__HOME                         
     000051AF  s__INITIALIZER                  
     000051BE  s__GSFINAL                      
     0000C0DE  s__DATA                         
     0000C0E3  s__BSEG                         
     0000C0E3  s__BSS                          
     0000C0E3  s__HEAP                         
     0000C0E3  s__INITIALIZED                  

ASxxxx Linker V03.00 + NoICE + sdld,  page 2.
Hexadecimal  [32-Bits]

Area                                    Addr        Size        Decimal Bytes (Attributes)
--------------------------------        ----        ----        ------- ----- ------------
_CODE                               00004000    000011AF =        4527. bytes (REL,CON)

      Value  Global                              Global Defined In Module
      -----  --------------------------------   ------------------------
     00004010  _main_init                         crt0
     00004041  A$mainuild/main$68                 main
     00004041  C$main.c$11$0_0$23                 main
     00004041  C$main.c$12$1_0$23                 main
     00004041  G$put_text$0$0                     main
     00004041  _put_text                          main
     00004045  A$mainuild/main$69                 main
     00004047  A$mainuild/main$70                 main
     0000404A  A$mainuild/main$71                 main
     0000404D  A$mainuild/main$72                 main
     0000404F  A$mainuild/main$73                 main
     00004051  A$mainuild/main$74                 main
     00004054  A$mainuild/main$76                 main
     00004055  A$mainuild/main$77                 main
     00004056  A$mainuild/main$78                 main
     00004057  A$mainuild/main$82                 main
     00004057  C$main.c$13$2_0$24                 main
     00004058  A$mainuild/main$83                 main
     0000405A  A$mainuild/main$84                 main
     0000405B  A$mainuild/main$85                 main
     0000405C  A$mainuild/main$86                 main
     0000405D  A$mainuild/main$87                 main
     00004061  A$mainuild/main$88                 main
     00004063  A$mainuild/main$89                 main
     00004066  A$mainuild/main$90                 main
     00004067  A$mainuild/main$91                 main
     00004068  A$mainuild/main$92                 main
     00004069  A$mainuild/main$93                 main
     0000406A  A$mainuild/main$94                 main
     0000406C  A$mainuild/main$95                 main
     0000406F  A$mainuild/main$96                 main
     00004070  A$mainuild/main$97                 main
     00004071  A$mainuild/main$98                 main
     00004072  A$mainuild/main$99                 main
     00004073  A$mainuild/main$100                main
     00004076  A$mainuild/main$101                main
     00004077  A$mainuild/main$102                main
     00004078  A$mainuild/main$103                main
     00004079  A$mainuild/main$104                main
     0000407A  A$mainuild/main$112                main
     0000407A  C$main.c$15$1_0$23                 main
     0000407A  XG$put_text$0$0                    main
     0000407C  G$tiles$0_0$0                      main
     0000407C  _tiles                             main
     0000487C  G$tiles_colors$0_0$0               main
     0000487C  _tiles_colors                      main
     0000507C  A$mainuild/main$4225               main
     0000507C  C$main.c$21$1_0$25                 main
     0000507C  C$main.c$25$1_0$25                 main
     0000507C  G$main$0$0                         main
ASxxxx Linker V03.00 + NoICE + sdld,  page 3.
Hexadecimal  [32-Bits]

Area                                    Addr        Size        Decimal Bytes (Attributes)
--------------------------------        ----        ----        ------- ----- ------------
_CODE                               00004000    000011AF =        4527. bytes (REL,CON)

      Value  Global                              Global Defined In Module
      -----  --------------------------------   ------------------------
     0000507C  _main                              main
     0000507E  A$mainuild/main$4226               main
     00005081  A$mainuild/main$4230               main
     00005081  C$main.c$27$1_0$25                 main
     00005083  A$mainuild/main$4231               main
     00005086  A$mainuild/main$4235               main
     00005086  C$main.c$30$1_0$25                 main
     00005089  A$mainuild/main$4236               main
     0000508A  A$mainuild/main$4237               main
     0000508C  A$mainuild/main$4238               main
     0000508D  A$mainuild/main$4239               main
     0000508E  A$mainuild/main$4240               main
     00005091  A$mainuild/main$4241               main
     00005092  A$mainuild/main$4242               main
     00005093  A$mainuild/main$4246               main
     00005093  C$main.c$35$1_0$25                 main
     00005096  A$mainuild/main$4250               main
     00005096  C$main.c$38$1_0$25                 main
     00005099  A$mainuild/main$4251               main
     0000509C  A$mainuild/main$4255               main
     0000509C  C$main.c$39$1_0$25                 main
     0000509F  A$mainuild/main$4256               main
     000050A2  A$mainuild/main$4260               main
     000050A2  C$main.c$42$1_0$25                 main
     000050A4  A$mainuild/main$4261               main
     000050A7  A$mainuild/main$4265               main
     000050A7  C$main.c$45$1_0$25                 main
     000050AA  A$mainuild/main$4266               main
     000050AB  A$mainuild/main$4267               main
     000050AE  A$mainuild/main$4268               main
     000050AF  A$mainuild/main$4269               main
     000050B2  A$mainuild/main$4270               main
     000050B3  A$mainuild/main$4271               main
     000050B4  A$mainuild/main$4275               main
     000050B4  C$main.c$48$1_0$25                 main
     000050B7  A$mainuild/main$4283               main
     000050B7  C$main.c$51$1_0$25                 main
     000050B7  C$main.c$53$2_0$26                 main
     000050BA  A$mainuild/main$4291               main
     000050BA  C$main.c$56$1_0$25                 main
     000050BA  XG$main$0$0                        main
     000050BC  Fmain$__str_0$0_0$0                main
     000050CB  _ubox_fill_screen                  
     000050D5  _ubox_enable_screen                
     000050D8  _ubox_set_tiles                    
     000050F7  _ubox_set_mode                     
     000050FB  _ubox_init_isr                     
     00005147  _ubox_put_tile                     
     00005162  ___sdcc_call_hl                    
     00005163  _ubox_disable_screen               
     00005166  _ubox_wait                         
ASxxxx Linker V03.00 + NoICE + sdld,  page 4.
Hexadecimal  [32-Bits]

Area                                    Addr        Size        Decimal Bytes (Attributes)
--------------------------------        ----        ----        ------- ----- ------------
_CODE                               00004000    000011AF =        4527. bytes (REL,CON)

      Value  Global                              Global Defined In Module
      -----  --------------------------------   ------------------------
     00005179  _ubox_set_tiles_colors             
     00005198  _ubox_set_colors                   

ASxxxx Linker V03.00 + NoICE + sdld,  page 5.
Hexadecimal  [32-Bits]

Area                                    Addr        Size        Decimal Bytes (Attributes)
--------------------------------        ----        ----        ------- ----- ------------
_GSINIT                             000051AF    0000000F =          15. bytes (REL,CON)

      Value  Global                              Global Defined In Module
      -----  --------------------------------   ------------------------
     000051AF  gsinit                             crt0

ASxxxx Linker V03.00 + NoICE + sdld,  page 6.
Hexadecimal  [32-Bits]

Area                                    Addr        Size        Decimal Bytes (Attributes)
--------------------------------        ----        ----        ------- ----- ------------
_GSFINAL                            000051BE    00000001 =           1. bytes (REL,CON)

      Value  Global                              Global Defined In Module
      -----  --------------------------------   ------------------------
ASxxxx Linker V03.00 + NoICE + sdld,  page 7.
Hexadecimal  [32-Bits]

Area                                    Addr        Size        Decimal Bytes (Attributes)
--------------------------------        ----        ----        ------- ----- ------------
_DATA                               0000C0DE    00000005 =           5. bytes (REL,CON)

      Value  Global                              Global Defined In Module
      -----  --------------------------------   ------------------------
     0000C0DE  ubox_isr_wait_ticks                
     0000C0DF  ubox_isr_wait_tick                 
     0000C0E0  _ubox_tick                         
     0000C0E1  ubox_usr_isr                       

ASxxxx Linker V03.00 + NoICE + sdld,  page 8.

Files Linked                              [ module(s) ]

../build/crt0.rel                         [ crt0 ]
../build/main.rel                         [ main ]


Libraries Linked                          [ object file ]

../lib/ubox.lib                           [ ubox_fill_screen.rel ]
../lib/ubox.lib                           [ ubox_enable_screen.rel ]
../lib/ubox.lib                           [ ubox_set_tiles.rel ]
../lib/ubox.lib                           [ ubox_set_mode.rel ]
../lib/ubox.lib                           [ ubox_isr.rel ]
../lib/ubox.lib                           [ ubox_put_tile.rel ]
/usr/local/bin/../share/sdcc/lib/z80/z80.lib
                                          [ __sdcc_call_hl.rel ]
../lib/ubox.lib                           [ ubox_disable_screen.rel ]
../lib/ubox.lib                           [ ubox_wait.rel ]
../lib/ubox.lib                           [ ubox_set_tiles_colors.rel ]
../lib/ubox.lib                           [ ubox_set_colors.rel ]

ASxxxx Linker V03.00 + NoICE + sdld,  page 9.

User Base Address Definitions

_CODE = 0x4000
_DATA = 0xc0de

