ASxxxx Linker V03.00 + NoICE + sdld,  page 1.
Hexadecimal  [32-Bits]

Area                                    Addr        Size        Decimal Bytes (Attributes)
--------------------------------        ----        ----        ------- ----- ------------
.  .ABS.                            00000000    00000000 =           0. bytes (ABS,CON)

      Value  Global                              Global Defined In Module
      -----  --------------------------------   ------------------------
     00000000  .__.ABS.                           
     00000000  l__BSEG                         
     00000000  l__BSS                          
     00000000  l__CABS                         
     00000000  l__DABS                         
     00000000  l__HEAP                         
     00000000  s__CABS                         
     00000000  s__DABS                         
     00000001  l__GSFINAL                      
     00000006  l__DATA                         
     00000008  l__INITIALIZED                  
     00000008  l__INITIALIZER                  
     0000000F  l__GSINIT                       
     00000145  l__HOME                         
     00003D6A  l__CODE                         
     00004000  s__CODE                         
     00007D6A  s__HOME                         
     00007EAF  s__INITIALIZER                  
     00007EB7  s__GSINIT                       
     00007EC6  s__GSFINAL                      
     0000C0DE  s__DATA                         
     0000C0E4  s__INITIALIZED                  
     0000C0EC  s__BSEG                         
     0000C0EC  s__BSS                          
     0000C0EC  s__HEAP                         

ASxxxx Linker V03.00 + NoICE + sdld,  page 2.
Hexadecimal  [32-Bits]

Area                                    Addr        Size        Decimal Bytes (Attributes)
--------------------------------        ----        ----        ------- ----- ------------
_CODE                               00004000    00003D6A =       15722. bytes (REL,CON)

      Value  Global                              Global Defined In Module
      -----  --------------------------------   ------------------------
     00004010  _main_init                         crt0
     00004041  A$printfld/printf$61               printf
     00004041  C$printf.c$133$0_0$12              printf
     00004041  C$printf.c$135$1_0$12              printf
     00004041  Fprintf$_out_buffer$0$0            printf
     00004044  A$printfld/printf$62               printf
     00004045  A$printfld/printf$63               printf
     00004049  A$printfld/printf$64               printf
     0000404B  A$printfld/printf$65               printf
     0000404E  A$printfld/printf$66               printf
     0000404F  A$printfld/printf$67               printf
     00004052  A$printfld/printf$68               printf
     00004053  A$printfld/printf$69               printf
     00004054  A$printfld/printf$70               printf
     00004055  A$printfld/printf$74               printf
     00004055  C$printf.c$136$2_0$13              printf
     00004057  A$printfld/printf$75               printf
     00004059  A$printfld/printf$76               printf
     0000405C  A$printfld/printf$77               printf
     0000405F  A$printfld/printf$78               printf
     00004062  A$printfld/printf$79               printf
     00004063  A$printfld/printf$80               printf
     00004064  A$printfld/printf$81               printf
     00004065  A$printfld/printf$82               printf
     00004066  A$printfld/printf$83               printf
     00004067  A$printfld/printf$84               printf
     00004068  A$printfld/printf$85               printf
     00004069  A$printfld/printf$86               printf
     0000406B  A$printfld/printf$87               printf
     0000406E  A$printfld/printf$88               printf
     0000406F  A$printfld/printf$96               printf
     0000406F  C$printf.c$138$1_0$12              printf
     0000406F  XFprintf$_out_buffer$0$0           printf
     00004070  A$printfld/printf$116              printf
     00004070  C$printf.c$142$1_0$15              printf
     00004070  C$printf.c$144$1_0$15              printf
     00004070  C$printf.c$145$1_0$15              printf
     00004070  Fprintf$_out_null$0$0              printf
     00004070  XFprintf$_out_null$0$0             printf
     00004071  A$printfld/printf$129              printf
     00004071  C$printf.c$149$1_0$17              printf
     00004071  C$printf.c$152$1_0$17              printf
     00004071  Fprintf$_out_char$0$0              printf
     00004075  A$printfld/printf$130              printf
     00004077  A$printfld/printf$131              printf
     0000407A  A$printfld/printf$132              printf
     0000407B  A$printfld/printf$133              printf
     0000407C  A$printfld/printf$137              printf
     0000407C  C$printf.c$153$2_0$18              printf
     0000407F  A$printfld/printf$138              printf
ASxxxx Linker V03.00 + NoICE + sdld,  page 3.
Hexadecimal  [32-Bits]

Area                                    Addr        Size        Decimal Bytes (Attributes)
--------------------------------        ----        ----        ------- ----- ------------
_CODE                               00004000    00003D6A =       15722. bytes (REL,CON)

      Value  Global                              Global Defined In Module
      -----  --------------------------------   ------------------------
     00004080  A$printfld/printf$139              printf
     00004081  A$printfld/printf$140              printf
     00004084  A$printfld/printf$141              printf
     00004085  A$printfld/printf$149              printf
     00004085  C$printf.c$155$1_0$17              printf
     00004085  XFprintf$_out_char$0$0             printf
     00004086  A$printfld/printf$162              printf
     00004086  C$printf.c$159$1_0$20              printf
     00004086  C$printf.c$162$1_0$20              printf
     00004086  Fprintf$_out_fct$0$0               printf
     0000408A  A$printfld/printf$163              printf
     0000408C  A$printfld/printf$164              printf
     0000408F  A$printfld/printf$165              printf
     00004090  A$printfld/printf$166              printf
     00004091  A$printfld/printf$170              printf
     00004091  C$printf.c$164$1_0$20              printf
     00004093  A$printfld/printf$171              printf
     00004096  A$printfld/printf$172              printf
     00004099  A$printfld/printf$173              printf
     0000409A  A$printfld/printf$174              printf
     0000409B  A$printfld/printf$175              printf
     0000409C  A$printfld/printf$176              printf
     0000409D  A$printfld/printf$177              printf
     0000409E  A$printfld/printf$178              printf
     0000409F  A$printfld/printf$179              printf
     000040A0  A$printfld/printf$180              printf
     000040A1  A$printfld/printf$181              printf
     000040A3  A$printfld/printf$182              printf
     000040A6  A$printfld/printf$183              printf
     000040A7  A$printfld/printf$184              printf
     000040A8  A$printfld/printf$185              printf
     000040A9  A$printfld/printf$186              printf
     000040AA  A$printfld/printf$187              printf
     000040AD  A$printfld/printf$188              printf
     000040AE  A$printfld/printf$189              printf
     000040AF  A$printfld/printf$197              printf
     000040AF  C$printf.c$166$1_0$20              printf
     000040AF  XFprintf$_out_fct$0$0              printf
     000040B0  A$printfld/printf$207              printf
     000040B0  C$printf.c$171$1_0$23              printf
     000040B0  Fprintf$_strnlen_s$0$0             printf
     000040B1  A$printfld/printf$211              printf
     000040B1  C$printf.c$174$2_0$24              printf
     000040B5  A$printfld/printf$212              printf
     000040B7  A$printfld/printf$213              printf
     000040BA  A$printfld/printf$214              printf
     000040BD  A$printfld/printf$215              printf
     000040BF  A$printfld/printf$216              printf
     000040C1  A$printfld/printf$217              printf
     000040C4  A$printfld/printf$218              printf
     000040C7  A$printfld/printf$220              printf
ASxxxx Linker V03.00 + NoICE + sdld,  page 4.
Hexadecimal  [32-Bits]

Area                                    Addr        Size        Decimal Bytes (Attributes)
--------------------------------        ----        ----        ------- ----- ------------
_CODE                               00004000    00003D6A =       15722. bytes (REL,CON)

      Value  Global                              Global Defined In Module
      -----  --------------------------------   ------------------------
     000040C8  A$printfld/printf$221              printf
     000040C9  A$printfld/printf$222              printf
     000040CB  A$printfld/printf$223              printf
     000040CC  A$printfld/printf$224              printf
     000040CD  A$printfld/printf$225              printf
     000040CE  A$printfld/printf$226              printf
     000040CF  A$printfld/printf$227              printf
     000040D2  A$printfld/printf$228              printf
     000040D3  A$printfld/printf$229              printf
     000040D4  A$printfld/printf$230              printf
     000040D5  A$printfld/printf$231              printf
     000040D6  A$printfld/printf$232              printf
     000040D8  A$printfld/printf$233              printf
     000040D9  A$printfld/printf$234              printf
     000040DB  A$printfld/printf$239              printf
     000040DB  C$printf.c$175$1_0$23              printf
     000040DE  A$printfld/printf$240              printf
     000040DF  A$printfld/printf$241              printf
     000040E0  A$printfld/printf$242              printf
     000040E1  A$printfld/printf$243              printf
     000040E2  A$printfld/printf$244              printf
     000040E3  A$printfld/printf$245              printf
     000040E4  A$printfld/printf$246              printf
     000040E5  A$printfld/printf$247              printf
     000040E6  A$printfld/printf$248              printf
     000040E7  A$printfld/printf$252              printf
     000040E8  A$printfld/printf$257              printf
     000040E8  C$printf.c$176$1_0$23              printf
     000040E8  XFprintf$_strnlen_s$0$0            printf
     000040E9  A$printfld/printf$270              printf
     000040E9  C$printf.c$181$1_0$26              printf
     000040E9  C$printf.c$183$1_0$26              printf
     000040E9  Fprintf$_is_digit$0$0              printf
     000040ED  A$printfld/printf$271              printf
     000040EF  A$printfld/printf$272              printf
     000040F2  A$printfld/printf$273              printf
     000040F4  A$printfld/printf$274              printf
     000040F6  A$printfld/printf$275              printf
     000040F8  A$printfld/printf$276              printf
     000040FA  A$printfld/printf$277              printf
     000040FD  A$printfld/printf$278              printf
     00004100  A$printfld/printf$279              printf
     00004102  A$printfld/printf$281              printf
     00004105  A$printfld/printf$283              printf
     00004107  A$printfld/printf$284              printf
     00004108  A$printfld/printf$286              printf
     0000410A  A$printfld/printf$294              printf
     0000410A  C$printf.c$184$1_0$26              printf
     0000410A  XFprintf$_is_digit$0$0             printf
     0000410B  A$printfld/printf$304              printf
     0000410B  C$printf.c$188$1_0$28              printf
ASxxxx Linker V03.00 + NoICE + sdld,  page 5.
Hexadecimal  [32-Bits]

Area                                    Addr        Size        Decimal Bytes (Attributes)
--------------------------------        ----        ----        ------- ----- ------------
_CODE                               00004000    00003D6A =       15722. bytes (REL,CON)

      Value  Global                              Global Defined In Module
      -----  --------------------------------   ------------------------
     0000410B  Fprintf$_atoi$0$0                  printf
     0000410C  A$printfld/printf$305              printf
     0000410D  A$printfld/printf$309              printf
     0000410D  C$printf.c$190$2_0$28              printf
     0000410E  A$printfld/printf$310              printf
     00004112  A$printfld/printf$311              printf
     00004114  A$printfld/printf$312              printf
     00004117  A$printfld/printf$313              printf
     0000411A  A$printfld/printf$318              printf
     0000411A  C$printf.c$191$1_0$28              printf
     0000411D  A$printfld/printf$319              printf
     0000411E  A$printfld/printf$320              printf
     0000411F  A$printfld/printf$321              printf
     00004120  A$printfld/printf$322              printf
     00004121  A$printfld/printf$323              printf
     00004122  A$printfld/printf$324              printf
     00004123  A$printfld/printf$325              printf
     00004124  A$printfld/printf$326              printf
     00004125  A$printfld/printf$327              printf
     00004126  A$printfld/printf$328              printf
     00004127  A$printfld/printf$332              printf
     00004127  C$printf.c$183$4_0$32              printf
     00004128  A$printfld/printf$333              printf
     0000412A  A$printfld/printf$334              printf
     0000412C  A$printfld/printf$335              printf
     0000412E  A$printfld/printf$336              printf
     00004130  A$printfld/printf$337              printf
     00004131  A$printfld/printf$338              printf
     00004134  A$printfld/printf$339              printf
     00004136  A$printfld/printf$341              printf
     00004139  A$printfld/printf$345              printf
     00004139  C$printf.c$192$2_0$29              printf
     0000413A  A$printfld/printf$346              printf
     0000413E  A$printfld/printf$347              printf
     00004140  A$printfld/printf$348              printf
     00004143  A$printfld/printf$349              printf
     00004146  A$printfld/printf$350              printf
     00004147  A$printfld/printf$351              printf
     00004148  A$printfld/printf$352              printf
     00004149  A$printfld/printf$353              printf
     0000414A  A$printfld/printf$354              printf
     0000414B  A$printfld/printf$355              printf
     0000414C  A$printfld/printf$356              printf
     0000414D  A$printfld/printf$357              printf
     0000414E  A$printfld/printf$358              printf
     00004151  A$printfld/printf$359              printf
     00004152  A$printfld/printf$360              printf
     00004155  A$printfld/printf$361              printf
     00004158  A$printfld/printf$362              printf
     0000415B  A$printfld/printf$363              printf
     0000415C  A$printfld/printf$364              printf
ASxxxx Linker V03.00 + NoICE + sdld,  page 6.
Hexadecimal  [32-Bits]

Area                                    Addr        Size        Decimal Bytes (Attributes)
--------------------------------        ----        ----        ------- ----- ------------
_CODE                               00004000    00003D6A =       15722. bytes (REL,CON)

      Value  Global                              Global Defined In Module
      -----  --------------------------------   ------------------------
     0000415D  A$printfld/printf$365              printf
     00004160  A$printfld/printf$366              printf
     00004161  A$printfld/printf$367              printf
     00004162  A$printfld/printf$368              printf
     00004163  A$printfld/printf$369              printf
     00004164  A$printfld/printf$370              printf
     00004165  A$printfld/printf$371              printf
     00004166  A$printfld/printf$372              printf
     00004167  A$printfld/printf$373              printf
     00004169  A$printfld/printf$374              printf
     0000416A  A$printfld/printf$375              printf
     0000416B  A$printfld/printf$376              printf
     0000416D  A$printfld/printf$377              printf
     0000416E  A$printfld/printf$378              printf
     0000416F  A$printfld/printf$379              printf
     00004170  A$printfld/printf$380              printf
     00004171  A$printfld/printf$381              printf
     00004174  A$printfld/printf$382              printf
     00004177  A$printfld/printf$383              printf
     00004179  A$printfld/printf$388              printf
     00004179  C$printf.c$194$1_0$28              printf
     0000417A  A$printfld/printf$389              printf
     0000417B  A$printfld/printf$390              printf
     0000417C  A$printfld/printf$391              printf
     0000417D  A$printfld/printf$395              printf
     0000417E  A$printfld/printf$396              printf
     0000417F  A$printfld/printf$401              printf
     0000417F  C$printf.c$195$1_0$28              printf
     0000417F  XFprintf$_atoi$0$0                 printf
     00004180  A$printfld/printf$411              printf
     00004180  C$printf.c$199$1_0$34              printf
     00004180  Fprintf$_out_rev$0$0               printf
     00004183  A$printfld/printf$412              printf
     00004184  A$printfld/printf$413              printf
     00004185  A$printfld/printf$417              printf
     00004185  C$printf.c$201$2_0$34              printf
     00004188  A$printfld/printf$418              printf
     00004189  A$printfld/printf$419              printf
     0000418A  A$printfld/printf$420              printf
     0000418E  A$printfld/printf$421              printf
     00004190  A$printfld/printf$422              printf
     00004193  A$printfld/printf$423              printf
     00004196  A$printfld/printf$424              printf
     00004197  A$printfld/printf$425              printf
     00004198  A$printfld/printf$426              printf
     0000419C  A$printfld/printf$427              printf
     0000419E  A$printfld/printf$428              printf
     000041A1  A$printfld/printf$432              printf
     000041A1  C$printf.c$204$1_0$34              printf
     000041A4  A$printfld/printf$433              printf
     000041A5  A$printfld/printf$434              printf
ASxxxx Linker V03.00 + NoICE + sdld,  page 7.
Hexadecimal  [32-Bits]

Area                                    Addr        Size        Decimal Bytes (Attributes)
--------------------------------        ----        ----        ------- ----- ------------
_CODE                               00004000    00003D6A =       15722. bytes (REL,CON)

      Value  Global                              Global Defined In Module
      -----  --------------------------------   ------------------------
     000041A6  A$printfld/printf$435              printf
     000041A8  A$printfld/printf$436              printf
     000041AC  A$printfld/printf$437              printf
     000041AE  A$printfld/printf$438              printf
     000041B1  A$printfld/printf$439              printf
     000041B5  A$printfld/printf$440              printf
     000041B8  A$printfld/printf$441              printf
     000041BB  A$printfld/printf$442              printf
     000041BE  A$printfld/printf$443              printf
     000041C1  A$printfld/printf$444              printf
     000041C2  A$printfld/printf$445              printf
     000041C3  A$printfld/printf$446              printf
     000041C4  A$printfld/printf$447              printf
     000041C7  A$printfld/printf$451              printf
     000041C7  C$printf.c$205$4_0$36              printf
     000041CA  A$printfld/printf$452              printf
     000041CB  A$printfld/printf$453              printf
     000041CC  A$printfld/printf$454              printf
     000041CD  A$printfld/printf$455              printf
     000041CE  A$printfld/printf$456              printf
     000041CF  A$printfld/printf$457              printf
     000041D0  A$printfld/printf$459              printf
     000041D3  A$printfld/printf$460              printf
     000041D4  A$printfld/printf$461              printf
     000041D5  A$printfld/printf$462              printf
     000041D6  A$printfld/printf$463              printf
     000041D7  A$printfld/printf$464              printf
     000041D8  A$printfld/printf$465              printf
     000041D9  A$printfld/printf$466              printf
     000041DB  A$printfld/printf$470              printf
     000041DB  C$printf.c$206$4_0$37              printf
     000041DF  A$printfld/printf$471              printf
     000041E1  A$printfld/printf$472              printf
     000041E4  A$printfld/printf$473              printf
     000041E7  A$printfld/printf$474              printf
     000041E8  A$printfld/printf$475              printf
     000041EC  A$printfld/printf$476              printf
     000041EE  A$printfld/printf$477              printf
     000041F1  A$printfld/printf$478              printf
     000041F4  A$printfld/printf$479              printf
     000041F6  A$printfld/printf$480              printf
     000041F8  A$printfld/printf$481              printf
     000041FB  A$printfld/printf$482              printf
     000041FF  A$printfld/printf$483              printf
     00004201  A$printfld/printf$484              printf
     00004204  A$printfld/printf$485              printf
     00004207  A$printfld/printf$486              printf
     00004208  A$printfld/printf$487              printf
     00004209  A$printfld/printf$488              printf
     0000420D  A$printfld/printf$489              printf
     0000420F  A$printfld/printf$490              printf
ASxxxx Linker V03.00 + NoICE + sdld,  page 8.
Hexadecimal  [32-Bits]

Area                                    Addr        Size        Decimal Bytes (Attributes)
--------------------------------        ----        ----        ------- ----- ------------
_CODE                               00004000    00003D6A =       15722. bytes (REL,CON)

      Value  Global                              Global Defined In Module
      -----  --------------------------------   ------------------------
     00004212  A$printfld/printf$491              printf
     00004213  A$printfld/printf$492              printf
     00004214  A$printfld/printf$493              printf
     00004217  A$printfld/printf$494              printf
     00004218  A$printfld/printf$495              printf
     00004219  A$printfld/printf$496              printf
     0000421A  A$printfld/printf$497              printf
     0000421B  A$printfld/printf$498              printf
     0000421C  A$printfld/printf$499              printf
     00004220  A$printfld/printf$500              printf
     00004222  A$printfld/printf$501              printf
     00004225  A$printfld/printf$502              printf
     00004228  A$printfld/printf$503              printf
     00004229  A$printfld/printf$504              printf
     0000422B  A$printfld/printf$505              printf
     0000422D  A$printfld/printf$506              printf
     00004230  A$printfld/printf$507              printf
     00004233  A$printfld/printf$508              printf
     00004234  A$printfld/printf$509              printf
     00004236  A$printfld/printf$510              printf
     00004237  A$printfld/printf$511              printf
     00004238  A$printfld/printf$512              printf
     0000423B  A$printfld/printf$513              printf
     0000423C  A$printfld/printf$514              printf
     0000423D  A$printfld/printf$515              printf
     0000423E  A$printfld/printf$516              printf
     0000423F  A$printfld/printf$517              printf
     00004240  A$printfld/printf$518              printf
     00004243  A$printfld/printf$519              printf
     00004246  A$printfld/printf$520              printf
     00004247  A$printfld/printf$521              printf
     00004248  A$printfld/printf$522              printf
     00004249  A$printfld/printf$523              printf
     0000424A  A$printfld/printf$527              printf
     0000424A  C$printf.c$205$3_0$36              printf
     0000424B  A$printfld/printf$528              printf
     0000424D  A$printfld/printf$533              printf
     0000424D  C$printf.c$211$1_0$34              printf
     00004251  A$printfld/printf$534              printf
     00004253  A$printfld/printf$535              printf
     00004256  A$printfld/printf$536              printf
     00004259  A$printfld/printf$538              printf
     0000425C  A$printfld/printf$539              printf
     0000425D  A$printfld/printf$540              printf
     0000425E  A$printfld/printf$541              printf
     0000425F  A$printfld/printf$542              printf
     00004260  A$printfld/printf$543              printf
     00004263  A$printfld/printf$544              printf
     00004264  A$printfld/printf$545              printf
     00004265  A$printfld/printf$546              printf
     00004266  A$printfld/printf$547              printf
ASxxxx Linker V03.00 + NoICE + sdld,  page 9.
Hexadecimal  [32-Bits]

Area                                    Addr        Size        Decimal Bytes (Attributes)
--------------------------------        ----        ----        ------- ----- ------------
_CODE                               00004000    00003D6A =       15722. bytes (REL,CON)

      Value  Global                              Global Defined In Module
      -----  --------------------------------   ------------------------
     00004267  A$printfld/printf$549              printf
     00004268  A$printfld/printf$550              printf
     00004269  A$printfld/printf$551              printf
     0000426C  A$printfld/printf$555              printf
     0000426C  C$printf.c$212$2_0$38              printf
     00004270  A$printfld/printf$556              printf
     00004272  A$printfld/printf$557              printf
     00004275  A$printfld/printf$558              printf
     00004278  A$printfld/printf$559              printf
     00004279  A$printfld/printf$560              printf
     0000427D  A$printfld/printf$561              printf
     0000427F  A$printfld/printf$562              printf
     00004282  A$printfld/printf$563              printf
     00004285  A$printfld/printf$564              printf
     00004287  A$printfld/printf$565              printf
     00004289  A$printfld/printf$566              printf
     0000428C  A$printfld/printf$567              printf
     00004290  A$printfld/printf$568              printf
     00004292  A$printfld/printf$569              printf
     00004295  A$printfld/printf$570              printf
     00004298  A$printfld/printf$571              printf
     00004299  A$printfld/printf$572              printf
     0000429A  A$printfld/printf$573              printf
     0000429E  A$printfld/printf$574              printf
     000042A0  A$printfld/printf$575              printf
     000042A3  A$printfld/printf$576              printf
     000042A4  A$printfld/printf$577              printf
     000042A7  A$printfld/printf$578              printf
     000042A8  A$printfld/printf$579              printf
     000042AC  A$printfld/printf$580              printf
     000042AE  A$printfld/printf$581              printf
     000042B1  A$printfld/printf$582              printf
     000042B2  A$printfld/printf$583              printf
     000042B3  A$printfld/printf$584              printf
     000042B6  A$printfld/printf$585              printf
     000042B7  A$printfld/printf$586              printf
     000042B8  A$printfld/printf$587              printf
     000042B9  A$printfld/printf$588              printf
     000042BD  A$printfld/printf$589              printf
     000042BF  A$printfld/printf$590              printf
     000042C2  A$printfld/printf$591              printf
     000042C5  A$printfld/printf$592              printf
     000042C6  A$printfld/printf$593              printf
     000042C8  A$printfld/printf$594              printf
     000042CB  A$printfld/printf$595              printf
     000042CC  A$printfld/printf$596              printf
     000042CD  A$printfld/printf$597              printf
     000042D0  A$printfld/printf$598              printf
     000042D1  A$printfld/printf$599              printf
     000042D2  A$printfld/printf$600              printf
     000042D3  A$printfld/printf$601              printf
ASxxxx Linker V03.00 + NoICE + sdld,  page 10.
Hexadecimal  [32-Bits]

Area                                    Addr        Size        Decimal Bytes (Attributes)
--------------------------------        ----        ----        ------- ----- ------------
_CODE                               00004000    00003D6A =       15722. bytes (REL,CON)

      Value  Global                              Global Defined In Module
      -----  --------------------------------   ------------------------
     000042D4  A$printfld/printf$602              printf
     000042D5  A$printfld/printf$603              printf
     000042D9  A$printfld/printf$604              printf
     000042DB  A$printfld/printf$605              printf
     000042DE  A$printfld/printf$606              printf
     000042E1  A$printfld/printf$607              printf
     000042E2  A$printfld/printf$608              printf
     000042E4  A$printfld/printf$609              printf
     000042E6  A$printfld/printf$610              printf
     000042E9  A$printfld/printf$611              printf
     000042EC  A$printfld/printf$612              printf
     000042ED  A$printfld/printf$613              printf
     000042EF  A$printfld/printf$614              printf
     000042F1  A$printfld/printf$615              printf
     000042F3  A$printfld/printf$616              printf
     000042F6  A$printfld/printf$617              printf
     000042F7  A$printfld/printf$618              printf
     000042F8  A$printfld/printf$619              printf
     000042FA  A$printfld/printf$620              printf
     000042FC  A$printfld/printf$621              printf
     000042FE  A$printfld/printf$622              printf
     00004301  A$printfld/printf$623              printf
     00004304  A$printfld/printf$624              printf
     00004307  A$printfld/printf$625              printf
     0000430A  A$printfld/printf$626              printf
     0000430B  A$printfld/printf$627              printf
     0000430C  A$printfld/printf$628              printf
     0000430D  A$printfld/printf$629              printf
     0000430E  A$printfld/printf$630              printf
     00004311  A$printfld/printf$632              printf
     00004315  A$printfld/printf$633              printf
     00004317  A$printfld/printf$634              printf
     0000431A  A$printfld/printf$635              printf
     0000431D  A$printfld/printf$639              printf
     0000431D  C$printf.c$216$1_0$34              printf
     00004320  A$printfld/printf$640              printf
     00004321  A$printfld/printf$641              printf
     00004322  A$printfld/printf$642              printf
     00004323  A$printfld/printf$643              printf
     00004324  A$printfld/printf$644              printf
     00004327  A$printfld/printf$648              printf
     00004327  C$printf.c$217$1_0$34              printf
     0000432B  A$printfld/printf$649              printf
     0000432D  A$printfld/printf$650              printf
     00004330  A$printfld/printf$651              printf
     00004333  A$printfld/printf$653              printf
     00004336  A$printfld/printf$654              printf
     00004337  A$printfld/printf$655              printf
     0000433B  A$printfld/printf$656              printf
     0000433D  A$printfld/printf$657              printf
     00004340  A$printfld/printf$658              printf
ASxxxx Linker V03.00 + NoICE + sdld,  page 11.
Hexadecimal  [32-Bits]

Area                                    Addr        Size        Decimal Bytes (Attributes)
--------------------------------        ----        ----        ------- ----- ------------
_CODE                               00004000    00003D6A =       15722. bytes (REL,CON)

      Value  Global                              Global Defined In Module
      -----  --------------------------------   ------------------------
     00004341  A$printfld/printf$659              printf
     00004342  A$printfld/printf$660              printf
     00004345  A$printfld/printf$661              printf
     00004346  A$printfld/printf$662              printf
     00004347  A$printfld/printf$663              printf
     00004348  A$printfld/printf$664              printf
     0000434B  A$printfld/printf$665              printf
     0000434C  A$printfld/printf$666              printf
     0000434D  A$printfld/printf$667              printf
     0000434E  A$printfld/printf$668              printf
     0000434F  A$printfld/printf$669              printf
     00004350  A$printfld/printf$670              printf
     00004351  A$printfld/printf$671              printf
     00004353  A$printfld/printf$675              printf
     00004353  C$printf.c$218$3_0$40              printf
     00004356  A$printfld/printf$676              printf
     00004359  A$printfld/printf$677              printf
     0000435C  A$printfld/printf$678              printf
     0000435E  A$printfld/printf$679              printf
     00004361  A$printfld/printf$681              printf
     00004364  A$printfld/printf$682              printf
     00004368  A$printfld/printf$683              printf
     0000436A  A$printfld/printf$684              printf
     0000436D  A$printfld/printf$685              printf
     00004370  A$printfld/printf$686              printf
     00004371  A$printfld/printf$687              printf
     00004372  A$printfld/printf$688              printf
     00004376  A$printfld/printf$689              printf
     00004378  A$printfld/printf$690              printf
     0000437B  A$printfld/printf$691              printf
     0000437D  A$printfld/printf$692              printf
     0000437F  A$printfld/printf$693              printf
     00004382  A$printfld/printf$694              printf
     00004385  A$printfld/printf$695              printf
     00004388  A$printfld/printf$696              printf
     00004389  A$printfld/printf$697              printf
     0000438A  A$printfld/printf$698              printf
     0000438B  A$printfld/printf$699              printf
     0000438C  A$printfld/printf$700              printf
     0000438D  A$printfld/printf$701              printf
     0000438E  A$printfld/printf$702              printf
     0000438F  A$printfld/printf$703              printf
     00004390  A$printfld/printf$704              printf
     00004392  A$printfld/printf$705              printf
     00004393  A$printfld/printf$706              printf
     00004394  A$printfld/printf$707              printf
     00004397  A$printfld/printf$708              printf
     00004398  A$printfld/printf$709              printf
     00004399  A$printfld/printf$710              printf
     0000439A  A$printfld/printf$711              printf
     0000439B  A$printfld/printf$712              printf
ASxxxx Linker V03.00 + NoICE + sdld,  page 12.
Hexadecimal  [32-Bits]

Area                                    Addr        Size        Decimal Bytes (Attributes)
--------------------------------        ----        ----        ------- ----- ------------
_CODE                               00004000    00003D6A =       15722. bytes (REL,CON)

      Value  Global                              Global Defined In Module
      -----  --------------------------------   ------------------------
     0000439C  A$printfld/printf$713              printf
     0000439F  A$printfld/printf$714              printf
     000043A2  A$printfld/printf$715              printf
     000043A3  A$printfld/printf$716              printf
     000043A4  A$printfld/printf$717              printf
     000043A6  A$printfld/printf$719              printf
     000043A9  A$printfld/printf$720              printf
     000043AA  A$printfld/printf$721              printf
     000043AB  A$printfld/printf$722              printf
     000043AF  A$printfld/printf$723              printf
     000043B1  A$printfld/printf$724              printf
     000043B4  A$printfld/printf$725              printf
     000043B7  A$printfld/printf$726              printf
     000043B8  A$printfld/printf$727              printf
     000043B9  A$printfld/printf$728              printf
     000043BD  A$printfld/printf$729              printf
     000043BF  A$printfld/printf$730              printf
     000043C2  A$printfld/printf$735              printf
     000043C2  C$printf.c$222$1_0$34              printf
     000043C5  A$printfld/printf$736              printf
     000043C6  A$printfld/printf$737              printf
     000043C7  A$printfld/printf$738              printf
     000043C8  A$printfld/printf$739              printf
     000043C9  A$printfld/printf$740              printf
     000043CA  A$printfld/printf$744              printf
     000043CE  A$printfld/printf$745              printf
     000043D0  A$printfld/printf$746              printf
     000043D2  A$printfld/printf$751              printf
     000043D2  C$printf.c$223$1_0$34              printf
     000043D2  XFprintf$_out_rev$0$0              printf
     000043D3  A$printfld/printf$761              printf
     000043D3  C$printf.c$227$1_0$42              printf
     000043D3  Fprintf$_ntoa_format$0$0           printf
     000043D4  A$printfld/printf$765              printf
     000043D4  C$printf.c$230$1_0$42              printf
     000043D7  A$printfld/printf$766              printf
     000043D8  A$printfld/printf$767              printf
     000043D9  A$printfld/printf$768              printf
     000043DB  A$printfld/printf$769              printf
     000043DE  A$printfld/printf$773              printf
     000043DE  C$printf.c$231$2_0$43              printf
     000043E2  A$printfld/printf$774              printf
     000043E4  A$printfld/printf$775              printf
     000043E7  A$printfld/printf$776              printf
     000043EA  A$printfld/printf$777              printf
     000043EC  A$printfld/printf$778              printf
     000043EE  A$printfld/printf$779              printf
     000043F0  A$printfld/printf$780              printf
     000043F3  A$printfld/printf$781              printf
     000043F4  A$printfld/printf$782              printf
     000043F6  A$printfld/printf$783              printf
ASxxxx Linker V03.00 + NoICE + sdld,  page 13.
Hexadecimal  [32-Bits]

Area                                    Addr        Size        Decimal Bytes (Attributes)
--------------------------------        ----        ----        ------- ----- ------------
_CODE                               00004000    00003D6A =       15722. bytes (REL,CON)

      Value  Global                              Global Defined In Module
      -----  --------------------------------   ------------------------
     000043F9  A$printfld/printf$784              printf
     000043FA  A$printfld/printf$785              printf
     000043FC  A$printfld/printf$786              printf
     000043FE  A$printfld/printf$787              printf
     00004401  A$printfld/printf$788              printf
     00004402  A$printfld/printf$789              printf
     00004403  A$printfld/printf$790              printf
     00004405  A$printfld/printf$791              printf
     00004407  A$printfld/printf$796              printf
     00004407  C$printf.c$232$3_0$44              printf
     0000440A  A$printfld/printf$797              printf
     0000440B  A$printfld/printf$798              printf
     0000440C  A$printfld/printf$799              printf
     0000440E  A$printfld/printf$800              printf
     0000440F  A$printfld/printf$801              printf
     00004410  A$printfld/printf$802              printf
     00004411  A$printfld/printf$803              printf
     00004413  A$printfld/printf$804              printf
     00004414  A$printfld/printf$809              printf
     00004414  C$printf.c$234$1_0$42              printf
     00004417  A$printfld/printf$810              printf
     00004418  A$printfld/printf$811              printf
     00004419  A$printfld/printf$812              printf
     0000441A  A$printfld/printf$813              printf
     0000441B  A$printfld/printf$815              printf
     0000441E  A$printfld/printf$816              printf
     0000441F  A$printfld/printf$817              printf
     00004420  A$printfld/printf$818              printf
     00004421  A$printfld/printf$819              printf
     00004422  A$printfld/printf$820              printf
     00004423  A$printfld/printf$821              printf
     00004424  A$printfld/printf$822              printf
     00004426  A$printfld/printf$823              printf
     00004427  A$printfld/printf$824              printf
     00004429  A$printfld/printf$825              printf
     0000442A  A$printfld/printf$826              printf
     0000442C  A$printfld/printf$827              printf
     0000442E  A$printfld/printf$831              printf
     0000442E  C$printf.c$235$3_0$45              printf
     00004431  A$printfld/printf$832              printf
     00004432  A$printfld/printf$833              printf
     00004433  A$printfld/printf$834              printf
     00004434  A$printfld/printf$835              printf
     00004435  A$printfld/printf$836              printf
     00004436  A$printfld/printf$837              printf
     00004437  A$printfld/printf$838              printf
     00004438  A$printfld/printf$839              printf
     0000443A  A$printfld/printf$840              printf
     0000443C  A$printfld/printf$845              printf
     0000443C  C$printf.c$237$1_0$42              printf
     0000443F  A$printfld/printf$846              printf
ASxxxx Linker V03.00 + NoICE + sdld,  page 14.
Hexadecimal  [32-Bits]

Area                                    Addr        Size        Decimal Bytes (Attributes)
--------------------------------        ----        ----        ------- ----- ------------
_CODE                               00004000    00003D6A =       15722. bytes (REL,CON)

      Value  Global                              Global Defined In Module
      -----  --------------------------------   ------------------------
     00004440  A$printfld/printf$847              printf
     00004441  A$printfld/printf$848              printf
     00004443  A$printfld/printf$849              printf
     00004447  A$printfld/printf$850              printf
     00004449  A$printfld/printf$851              printf
     0000444C  A$printfld/printf$852              printf
     00004450  A$printfld/printf$854              printf
     00004453  A$printfld/printf$855              printf
     00004454  A$printfld/printf$856              printf
     00004455  A$printfld/printf$857              printf
     00004456  A$printfld/printf$858              printf
     00004457  A$printfld/printf$859              printf
     00004459  A$printfld/printf$860              printf
     0000445C  A$printfld/printf$861              printf
     0000445D  A$printfld/printf$862              printf
     0000445E  A$printfld/printf$863              printf
     0000445F  A$printfld/printf$864              printf
     00004460  A$printfld/printf$865              printf
     00004461  A$printfld/printf$866              printf
     00004462  A$printfld/printf$867              printf
     00004464  A$printfld/printf$868              printf
     00004465  A$printfld/printf$869              printf
     00004467  A$printfld/printf$870              printf
     00004468  A$printfld/printf$871              printf
     0000446A  A$printfld/printf$872              printf
     0000446C  A$printfld/printf$876              printf
     0000446C  C$printf.c$238$3_0$46              printf
     0000446F  A$printfld/printf$877              printf
     00004470  A$printfld/printf$878              printf
     00004471  A$printfld/printf$879              printf
     00004472  A$printfld/printf$880              printf
     00004473  A$printfld/printf$881              printf
     00004474  A$printfld/printf$882              printf
     00004475  A$printfld/printf$883              printf
     00004476  A$printfld/printf$884              printf
     00004478  A$printfld/printf$885              printf
     0000447A  A$printfld/printf$887              printf
     0000447E  A$printfld/printf$888              printf
     00004480  A$printfld/printf$889              printf
     00004483  A$printfld/printf$890              printf
     00004486  A$printfld/printf$895              printf
     00004486  C$printf.c$243$1_0$42              printf
     00004489  A$printfld/printf$896              printf
     0000448A  A$printfld/printf$897              printf
     0000448B  A$printfld/printf$898              printf
     0000448D  A$printfld/printf$899              printf
     00004490  A$printfld/printf$903              printf
     00004490  C$printf.c$246$1_0$42              printf
     00004494  A$printfld/printf$904              printf
     00004496  A$printfld/printf$905              printf
     00004499  A$printfld/printf$906              printf
ASxxxx Linker V03.00 + NoICE + sdld,  page 15.
Hexadecimal  [32-Bits]

Area                                    Addr        Size        Decimal Bytes (Attributes)
--------------------------------        ----        ----        ------- ----- ------------
_CODE                               00004000    00003D6A =       15722. bytes (REL,CON)

      Value  Global                              Global Defined In Module
      -----  --------------------------------   ------------------------
     0000449B  A$printfld/printf$907              printf
     0000449E  A$printfld/printf$908              printf
     000044A0  A$printfld/printf$909              printf
     000044A2  A$printfld/printf$910              printf
     000044A3  A$printfld/printf$912              printf
     000044A4  A$printfld/printf$916              printf
     000044A4  C$printf.c$244$2_0$47              printf
     000044A7  A$printfld/printf$917              printf
     000044A8  A$printfld/printf$918              printf
     000044A9  A$printfld/printf$919              printf
     000044AB  A$printfld/printf$920              printf
     000044AD  A$printfld/printf$921              printf
     000044B1  A$printfld/printf$922              printf
     000044B3  A$printfld/printf$923              printf
     000044B6  A$printfld/printf$924              printf
     000044B9  A$printfld/printf$925              printf
     000044BB  A$printfld/printf$926              printf
     000044BE  A$printfld/printf$927              printf
     000044C2  A$printfld/printf$928              printf
     000044C4  A$printfld/printf$929              printf
     000044C7  A$printfld/printf$930              printf
     000044C9  A$printfld/printf$931              printf
     000044CC  A$printfld/printf$932              printf
     000044CD  A$printfld/printf$933              printf
     000044CE  A$printfld/printf$934              printf
     000044D2  A$printfld/printf$935              printf
     000044D4  A$printfld/printf$936              printf
     000044D7  A$printfld/printf$937              printf
     000044D9  A$printfld/printf$939              printf
     000044DC  A$printfld/printf$940              printf
     000044DD  A$printfld/printf$941              printf
     000044DE  A$printfld/printf$942              printf
     000044E2  A$printfld/printf$943              printf
     000044E4  A$printfld/printf$944              printf
     000044E7  A$printfld/printf$945              printf
     000044E9  A$printfld/printf$946              printf
     000044EC  A$printfld/printf$947              printf
     000044ED  A$printfld/printf$948              printf
     000044EE  A$printfld/printf$949              printf
     000044F2  A$printfld/printf$950              printf
     000044F4  A$printfld/printf$951              printf
     000044F7  A$printfld/printf$952              printf
     000044F9  A$printfld/printf$957              printf
     000044F9  C$printf.c$245$3_0$48              printf
     000044FC  A$printfld/printf$958              printf
     000044FD  A$printfld/printf$959              printf
     000044FE  A$printfld/printf$960              printf
     00004500  A$printfld/printf$961              printf
     00004501  A$printfld/printf$962              printf
     00004502  A$printfld/printf$963              printf
     00004503  A$printfld/printf$964              printf
ASxxxx Linker V03.00 + NoICE + sdld,  page 16.
Hexadecimal  [32-Bits]

Area                                    Addr        Size        Decimal Bytes (Attributes)
--------------------------------        ----        ----        ------- ----- ------------
_CODE                               00004000    00003D6A =       15722. bytes (REL,CON)

      Value  Global                              Global Defined In Module
      -----  --------------------------------   ------------------------
     00004505  A$printfld/printf$965              printf
     00004506  A$printfld/printf$969              printf
     00004506  C$printf.c$246$3_0$48              printf
     00004509  A$printfld/printf$970              printf
     0000450A  A$printfld/printf$971              printf
     0000450B  A$printfld/printf$972              printf
     0000450C  A$printfld/printf$973              printf
     0000450D  A$printfld/printf$974              printf
     0000450F  A$printfld/printf$975              printf
     00004510  A$printfld/printf$976              printf
     00004511  A$printfld/printf$977              printf
     00004513  A$printfld/printf$981              printf
     00004513  C$printf.c$247$4_0$49              printf
     00004516  A$printfld/printf$982              printf
     00004517  A$printfld/printf$983              printf
     00004518  A$printfld/printf$984              printf
     0000451A  A$printfld/printf$985              printf
     0000451B  A$printfld/printf$986              printf
     0000451C  A$printfld/printf$987              printf
     0000451D  A$printfld/printf$988              printf
     0000451F  A$printfld/printf$989              printf
     00004520  A$printfld/printf$994              printf
     00004520  C$printf.c$250$1_0$42              printf
     00004524  A$printfld/printf$995              printf
     00004526  A$printfld/printf$996              printf
     00004529  A$printfld/printf$997              printf
     0000452B  A$printfld/printf$998              printf
     0000452E  A$printfld/printf$999              printf
     00004530  A$printfld/printf$1000             printf
     00004532  A$printfld/printf$1001             printf
     00004533  A$printfld/printf$1002             printf
     00004534  A$printfld/printf$1003             printf
     00004535  A$printfld/printf$1004             printf
     00004536  A$printfld/printf$1005             printf
     00004538  A$printfld/printf$1006             printf
     0000453B  A$printfld/printf$1007             printf
     0000453C  A$printfld/printf$1008             printf
     0000453D  A$printfld/printf$1009             printf
     0000453F  A$printfld/printf$1010             printf
     00004541  A$printfld/printf$1011             printf
     00004542  A$printfld/printf$1012             printf
     00004543  A$printfld/printf$1013             printf
     00004545  A$printfld/printf$1017             printf
     00004545  C$printf.c$251$3_0$50              printf
     00004549  A$printfld/printf$1018             printf
     0000454B  A$printfld/printf$1019             printf
     0000454E  A$printfld/printf$1020             printf
     00004551  A$printfld/printf$1021             printf
     00004554  A$printfld/printf$1022             printf
     00004555  A$printfld/printf$1023             printf
     00004558  A$printfld/printf$1024             printf
ASxxxx Linker V03.00 + NoICE + sdld,  page 17.
Hexadecimal  [32-Bits]

Area                                    Addr        Size        Decimal Bytes (Attributes)
--------------------------------        ----        ----        ------- ----- ------------
_CODE                               00004000    00003D6A =       15722. bytes (REL,CON)

      Value  Global                              Global Defined In Module
      -----  --------------------------------   ------------------------
     0000455B  A$printfld/printf$1025             printf
     0000455D  A$printfld/printf$1026             printf
     0000455F  A$printfld/printf$1027             printf
     00004562  A$printfld/printf$1028             printf
     00004565  A$printfld/printf$1029             printf
     00004566  A$printfld/printf$1030             printf
     00004568  A$printfld/printf$1031             printf
     0000456A  A$printfld/printf$1036             printf
     0000456A  C$printf.c$253$2_0$47              printf
     0000456B  A$printfld/printf$1037             printf
     0000456C  A$printfld/printf$1038             printf
     0000456E  A$printfld/printf$1039             printf
     00004571  A$printfld/printf$1040             printf
     00004572  A$printfld/printf$1041             printf
     00004573  A$printfld/printf$1042             printf
     00004575  A$printfld/printf$1043             printf
     00004577  A$printfld/printf$1044             printf
     00004578  A$printfld/printf$1045             printf
     00004579  A$printfld/printf$1046             printf
     0000457B  A$printfld/printf$1050             printf
     0000457B  C$printf.c$254$3_0$51              printf
     0000457F  A$printfld/printf$1051             printf
     00004581  A$printfld/printf$1052             printf
     00004584  A$printfld/printf$1053             printf
     00004587  A$printfld/printf$1054             printf
     0000458A  A$printfld/printf$1055             printf
     0000458B  A$printfld/printf$1056             printf
     0000458E  A$printfld/printf$1057             printf
     00004591  A$printfld/printf$1058             printf
     00004593  A$printfld/printf$1059             printf
     00004595  A$printfld/printf$1060             printf
     00004598  A$printfld/printf$1061             printf
     0000459B  A$printfld/printf$1062             printf
     0000459C  A$printfld/printf$1063             printf
     0000459E  A$printfld/printf$1064             printf
     000045A0  A$printfld/printf$1069             printf
     000045A0  C$printf.c$256$2_0$47              printf
     000045A4  A$printfld/printf$1070             printf
     000045A6  A$printfld/printf$1071             printf
     000045A9  A$printfld/printf$1072             printf
     000045AB  A$printfld/printf$1073             printf
     000045AE  A$printfld/printf$1074             printf
     000045B0  A$printfld/printf$1075             printf
     000045B1  A$printfld/printf$1076             printf
     000045B2  A$printfld/printf$1077             printf
     000045B4  A$printfld/printf$1081             printf
     000045B4  C$printf.c$257$3_0$52              printf
     000045B6  A$printfld/printf$1082             printf
     000045B8  A$printfld/printf$1083             printf
     000045BA  A$printfld/printf$1084             printf
     000045BD  A$printfld/printf$1085             printf
ASxxxx Linker V03.00 + NoICE + sdld,  page 18.
Hexadecimal  [32-Bits]

Area                                    Addr        Size        Decimal Bytes (Attributes)
--------------------------------        ----        ----        ------- ----- ------------
_CODE                               00004000    00003D6A =       15722. bytes (REL,CON)

      Value  Global                              Global Defined In Module
      -----  --------------------------------   ------------------------
     000045C0  A$printfld/printf$1086             printf
     000045C3  A$printfld/printf$1087             printf
     000045C4  A$printfld/printf$1088             printf
     000045C7  A$printfld/printf$1089             printf
     000045CA  A$printfld/printf$1090             printf
     000045CC  A$printfld/printf$1091             printf
     000045CE  A$printfld/printf$1092             printf
     000045D1  A$printfld/printf$1093             printf
     000045D4  A$printfld/printf$1094             printf
     000045D5  A$printfld/printf$1095             printf
     000045D7  A$printfld/printf$1100             printf
     000045D7  C$printf.c$259$2_0$47              printf
     000045DB  A$printfld/printf$1101             printf
     000045DD  A$printfld/printf$1102             printf
     000045E0  A$printfld/printf$1103             printf
     000045E2  A$printfld/printf$1104             printf
     000045E5  A$printfld/printf$1105             printf
     000045E7  A$printfld/printf$1106             printf
     000045E9  A$printfld/printf$1110             printf
     000045E9  C$printf.c$260$3_0$53              printf
     000045EC  A$printfld/printf$1111             printf
     000045EF  A$printfld/printf$1112             printf
     000045F0  A$printfld/printf$1113             printf
     000045F3  A$printfld/printf$1114             printf
     000045F4  A$printfld/printf$1115             printf
     000045F6  A$printfld/printf$1116             printf
     000045F7  A$printfld/printf$1117             printf
     000045F8  A$printfld/printf$1118             printf
     000045FA  A$printfld/printf$1119             printf
     000045FB  A$printfld/printf$1120             printf
     000045FC  A$printfld/printf$1121             printf
     000045FD  A$printfld/printf$1122             printf
     00004600  A$printfld/printf$1123             printf
     00004601  A$printfld/printf$1124             printf
     00004602  A$printfld/printf$1125             printf
     00004603  A$printfld/printf$1126             printf
     00004604  A$printfld/printf$1127             printf
     00004605  A$printfld/printf$1128             printf
     00004606  A$printfld/printf$1129             printf
     00004607  A$printfld/printf$1130             printf
     00004608  A$printfld/printf$1131             printf
     0000460A  A$printfld/printf$1136             printf
     0000460A  C$printf.c$264$1_0$42              printf
     0000460E  A$printfld/printf$1137             printf
     00004610  A$printfld/printf$1138             printf
     00004613  A$printfld/printf$1139             printf
     00004615  A$printfld/printf$1140             printf
     00004618  A$printfld/printf$1141             printf
     0000461A  A$printfld/printf$1142             printf
     0000461D  A$printfld/printf$1146             printf
     0000461D  C$printf.c$265$2_0$54              printf
ASxxxx Linker V03.00 + NoICE + sdld,  page 19.
Hexadecimal  [32-Bits]

Area                                    Addr        Size        Decimal Bytes (Attributes)
--------------------------------        ----        ----        ------- ----- ------------
_CODE                               00004000    00003D6A =       15722. bytes (REL,CON)

      Value  Global                              Global Defined In Module
      -----  --------------------------------   ------------------------
     0000461F  A$printfld/printf$1147             printf
     00004621  A$printfld/printf$1148             printf
     00004625  A$printfld/printf$1149             printf
     00004627  A$printfld/printf$1153             printf
     00004627  C$printf.c$266$3_0$55              printf
     00004629  A$printfld/printf$1154             printf
     0000462B  A$printfld/printf$1155             printf
     0000462E  A$printfld/printf$1156             printf
     00004631  A$printfld/printf$1157             printf
     00004632  A$printfld/printf$1158             printf
     00004635  A$printfld/printf$1159             printf
     00004636  A$printfld/printf$1160             printf
     00004638  A$printfld/printf$1161             printf
     00004639  A$printfld/printf$1162             printf
     0000463A  A$printfld/printf$1163             printf
     0000463C  A$printfld/printf$1164             printf
     0000463D  A$printfld/printf$1165             printf
     0000463E  A$printfld/printf$1166             printf
     0000463F  A$printfld/printf$1167             printf
     00004642  A$printfld/printf$1168             printf
     00004643  A$printfld/printf$1169             printf
     00004644  A$printfld/printf$1170             printf
     00004645  A$printfld/printf$1171             printf
     00004646  A$printfld/printf$1172             printf
     00004647  A$printfld/printf$1173             printf
     00004648  A$printfld/printf$1174             printf
     00004649  A$printfld/printf$1175             printf
     0000464A  A$printfld/printf$1176             printf
     0000464C  A$printfld/printf$1177             printf
     0000464E  A$printfld/printf$1182             printf
     0000464E  C$printf.c$268$2_0$54              printf
     00004651  A$printfld/printf$1183             printf
     00004652  A$printfld/printf$1184             printf
     00004653  A$printfld/printf$1185             printf
     00004655  A$printfld/printf$1186             printf
     00004657  A$printfld/printf$1190             printf
     00004657  C$printf.c$269$3_0$56              printf
     0000465A  A$printfld/printf$1191             printf
     0000465B  A$printfld/printf$1192             printf
     0000465C  A$printfld/printf$1193             printf
     0000465D  A$printfld/printf$1194             printf
     0000465E  A$printfld/printf$1195             printf
     0000465F  A$printfld/printf$1196             printf
     00004662  A$printfld/printf$1197             printf
     00004663  A$printfld/printf$1198             printf
     00004665  A$printfld/printf$1199             printf
     00004666  A$printfld/printf$1200             printf
     00004667  A$printfld/printf$1201             printf
     00004669  A$printfld/printf$1202             printf
     0000466A  A$printfld/printf$1203             printf
     0000466B  A$printfld/printf$1204             printf
ASxxxx Linker V03.00 + NoICE + sdld,  page 20.
Hexadecimal  [32-Bits]

Area                                    Addr        Size        Decimal Bytes (Attributes)
--------------------------------        ----        ----        ------- ----- ------------
_CODE                               00004000    00003D6A =       15722. bytes (REL,CON)

      Value  Global                              Global Defined In Module
      -----  --------------------------------   ------------------------
     0000466C  A$printfld/printf$1205             printf
     0000466F  A$printfld/printf$1206             printf
     00004670  A$printfld/printf$1207             printf
     00004671  A$printfld/printf$1208             printf
     00004672  A$printfld/printf$1209             printf
     00004673  A$printfld/printf$1210             printf
     00004674  A$printfld/printf$1211             printf
     00004675  A$printfld/printf$1212             printf
     00004676  A$printfld/printf$1213             printf
     00004677  A$printfld/printf$1214             printf
     00004679  A$printfld/printf$1215             printf
     0000467B  A$printfld/printf$1220             printf
     0000467B  C$printf.c$271$2_0$54              printf
     0000467E  A$printfld/printf$1221             printf
     0000467F  A$printfld/printf$1222             printf
     00004680  A$printfld/printf$1223             printf
     00004682  A$printfld/printf$1224             printf
     00004684  A$printfld/printf$1228             printf
     00004684  C$printf.c$272$3_0$57              printf
     00004687  A$printfld/printf$1229             printf
     00004688  A$printfld/printf$1230             printf
     00004689  A$printfld/printf$1231             printf
     0000468A  A$printfld/printf$1232             printf
     0000468B  A$printfld/printf$1233             printf
     0000468C  A$printfld/printf$1234             printf
     0000468F  A$printfld/printf$1235             printf
     00004690  A$printfld/printf$1236             printf
     00004692  A$printfld/printf$1237             printf
     00004693  A$printfld/printf$1238             printf
     00004694  A$printfld/printf$1239             printf
     00004696  A$printfld/printf$1240             printf
     00004697  A$printfld/printf$1241             printf
     00004698  A$printfld/printf$1242             printf
     00004699  A$printfld/printf$1243             printf
     0000469C  A$printfld/printf$1244             printf
     0000469D  A$printfld/printf$1245             printf
     0000469E  A$printfld/printf$1246             printf
     0000469F  A$printfld/printf$1247             printf
     000046A0  A$printfld/printf$1248             printf
     000046A1  A$printfld/printf$1249             printf
     000046A2  A$printfld/printf$1250             printf
     000046A3  A$printfld/printf$1251             printf
     000046A4  A$printfld/printf$1252             printf
     000046A6  A$printfld/printf$1257             printf
     000046A6  C$printf.c$276$1_0$42              printf
     000046AA  A$printfld/printf$1258             printf
     000046AC  A$printfld/printf$1259             printf
     000046AF  A$printfld/printf$1260             printf
     000046B2  A$printfld/printf$1261             printf
     000046B3  A$printfld/printf$1262             printf
     000046B5  A$printfld/printf$1263             printf
ASxxxx Linker V03.00 + NoICE + sdld,  page 21.
Hexadecimal  [32-Bits]

Area                                    Addr        Size        Decimal Bytes (Attributes)
--------------------------------        ----        ----        ------- ----- ------------
_CODE                               00004000    00003D6A =       15722. bytes (REL,CON)

      Value  Global                              Global Defined In Module
      -----  --------------------------------   ------------------------
     000046B7  A$printfld/printf$1264             printf
     000046BA  A$printfld/printf$1265             printf
     000046BD  A$printfld/printf$1266             printf
     000046BE  A$printfld/printf$1267             printf
     000046C2  A$printfld/printf$1268             printf
     000046C4  A$printfld/printf$1269             printf
     000046C7  A$printfld/printf$1270             printf
     000046CA  A$printfld/printf$1271             printf
     000046CB  A$printfld/printf$1272             printf
     000046CD  A$printfld/printf$1273             printf
     000046CF  A$printfld/printf$1274             printf
     000046D2  A$printfld/printf$1275             printf
     000046D5  A$printfld/printf$1276             printf
     000046D6  A$printfld/printf$1277             printf
     000046D8  A$printfld/printf$1278             printf
     000046DA  A$printfld/printf$1279             printf
     000046DD  A$printfld/printf$1280             printf
     000046E0  A$printfld/printf$1281             printf
     000046E1  A$printfld/printf$1282             printf
     000046E3  A$printfld/printf$1283             printf
     000046E5  A$printfld/printf$1284             printf
     000046E8  A$printfld/printf$1285             printf
     000046EB  A$printfld/printf$1286             printf
     000046EC  A$printfld/printf$1287             printf
     000046EE  A$printfld/printf$1288             printf
     000046F0  A$printfld/printf$1289             printf
     000046F3  A$printfld/printf$1290             printf
     000046F6  A$printfld/printf$1291             printf
     000046F7  A$printfld/printf$1292             printf
     000046F9  A$printfld/printf$1293             printf
     000046FB  A$printfld/printf$1294             printf
     000046FE  A$printfld/printf$1295             printf
     00004701  A$printfld/printf$1296             printf
     00004702  A$printfld/printf$1297             printf
     00004705  A$printfld/printf$1298             printf
     00004709  A$printfld/printf$1299             printf
     0000470B  A$printfld/printf$1300             printf
     0000470D  A$printfld/printf$1304             printf
     0000470E  A$printfld/printf$1309             printf
     0000470E  C$printf.c$277$1_0$42              printf
     0000470E  XFprintf$_ntoa_format$0$0          printf
     0000470F  A$printfld/printf$1319             printf
     0000470F  C$printf.c$281$1_0$59              printf
     0000470F  Fprintf$_ntoa_long$0$0             printf
     00004712  A$printfld/printf$1320             printf
     00004713  A$printfld/printf$1321             printf
     00004714  A$printfld/printf$1325             printf
     00004714  C$printf.c$284$2_0$59              printf
     00004717  A$printfld/printf$1329             printf
     00004717  C$printf.c$287$1_0$59              printf
     0000471B  A$printfld/printf$1330             printf
ASxxxx Linker V03.00 + NoICE + sdld,  page 22.
Hexadecimal  [32-Bits]

Area                                    Addr        Size        Decimal Bytes (Attributes)
--------------------------------        ----        ----        ------- ----- ------------
_CODE                               00004000    00003D6A =       15722. bytes (REL,CON)

      Value  Global                              Global Defined In Module
      -----  --------------------------------   ------------------------
     0000471D  A$printfld/printf$1331             printf
     00004720  A$printfld/printf$1332             printf
     00004723  A$printfld/printf$1333             printf
     00004726  A$printfld/printf$1334             printf
     00004729  A$printfld/printf$1335             printf
     0000472B  A$printfld/printf$1339             printf
     0000472B  C$printf.c$288$2_0$60              printf
     0000472F  A$printfld/printf$1340             printf
     00004731  A$printfld/printf$1341             printf
     00004734  A$printfld/printf$1342             printf
     00004736  A$printfld/printf$1343             printf
     00004739  A$printfld/printf$1344             printf
     0000473C  A$printfld/printf$1345             printf
     0000473F  A$printfld/printf$1350             printf
     0000473F  C$printf.c$292$1_0$59              printf
     00004742  A$printfld/printf$1351             printf
     00004743  A$printfld/printf$1352             printf
     00004744  A$printfld/printf$1353             printf
     00004746  A$printfld/printf$1354             printf
     00004748  A$printfld/printf$1355             printf
     0000474C  A$printfld/printf$1356             printf
     0000474E  A$printfld/printf$1357             printf
     00004751  A$printfld/printf$1358             printf
     00004754  A$printfld/printf$1359             printf
     00004757  A$printfld/printf$1360             printf
     0000475A  A$printfld/printf$1361             printf
     0000475D  A$printfld/printf$1366             printf
     0000475D  C$printf.c$293$1_0$59              printf
     00004760  A$printfld/printf$1367             printf
     00004761  A$printfld/printf$1368             printf
     00004762  A$printfld/printf$1369             printf
     00004764  A$printfld/printf$1370             printf
     00004768  A$printfld/printf$1371             printf
     0000476A  A$printfld/printf$1372             printf
     0000476D  A$printfld/printf$1373             printf
     00004771  A$printfld/printf$1374             printf
     00004774  A$printfld/printf$1375             printf
     00004775  A$printfld/printf$1376             printf
     00004777  A$printfld/printf$1377             printf
     00004779  A$printfld/printf$1378             printf
     0000477C  A$printfld/printf$1379             printf
     0000477F  A$printfld/printf$1380             printf
     00004782  A$printfld/printf$1385             printf
     00004782  C$printf.c$294$1_0$59              printf
     00004783  A$printfld/printf$1386             printf
     00004787  A$printfld/printf$1387             printf
     00004789  A$printfld/printf$1388             printf
     0000478C  A$printfld/printf$1389             printf
     0000478F  A$printfld/printf$1390             printf
     00004790  A$printfld/printf$1391             printf
     00004793  A$printfld/printf$1392             printf
ASxxxx Linker V03.00 + NoICE + sdld,  page 23.
Hexadecimal  [32-Bits]

Area                                    Addr        Size        Decimal Bytes (Attributes)
--------------------------------        ----        ----        ------- ----- ------------
_CODE                               00004000    00003D6A =       15722. bytes (REL,CON)

      Value  Global                              Global Defined In Module
      -----  --------------------------------   ------------------------
     00004796  A$printfld/printf$1393             printf
     00004797  A$printfld/printf$1394             printf
     0000479B  A$printfld/printf$1395             printf
     0000479D  A$printfld/printf$1396             printf
     000047A0  A$printfld/printf$1397             printf
     000047A3  A$printfld/printf$1398             printf
     000047A4  A$printfld/printf$1399             printf
     000047A7  A$printfld/printf$1400             printf
     000047AA  A$printfld/printf$1401             printf
     000047AB  A$printfld/printf$1402             printf
     000047AE  A$printfld/printf$1403             printf
     000047AF  A$printfld/printf$1404             printf
     000047B0  A$printfld/printf$1405             printf
     000047B1  A$printfld/printf$1406             printf
     000047B2  A$printfld/printf$1407             printf
     000047B3  A$printfld/printf$1408             printf
     000047B4  A$printfld/printf$1412             printf
     000047B4  C$printf.c$295$3_0$62              printf
     000047B7  A$printfld/printf$1413             printf
     000047B8  A$printfld/printf$1414             printf
     000047BC  A$printfld/printf$1415             printf
     000047BE  A$printfld/printf$1416             printf
     000047C1  A$printfld/printf$1417             printf
     000047C2  A$printfld/printf$1418             printf
     000047C3  A$printfld/printf$1419             printf
     000047C6  A$printfld/printf$1420             printf
     000047C7  A$printfld/printf$1421             printf
     000047C8  A$printfld/printf$1422             printf
     000047C9  A$printfld/printf$1423             printf
     000047CA  A$printfld/printf$1424             printf
     000047CB  A$printfld/printf$1425             printf
     000047CD  A$printfld/printf$1426             printf
     000047CF  A$printfld/printf$1427             printf
     000047D1  A$printfld/printf$1428             printf
     000047D2  A$printfld/printf$1429             printf
     000047D4  A$printfld/printf$1430             printf
     000047D6  A$printfld/printf$1432             printf
     000047D9  A$printfld/printf$1433             printf
     000047DA  A$printfld/printf$1434             printf
     000047DB  A$printfld/printf$1435             printf
     000047DC  A$printfld/printf$1436             printf
     000047DD  A$printfld/printf$1437             printf
     000047DF  A$printfld/printf$1438             printf
     000047E2  A$printfld/printf$1439             printf
     000047E4  A$printfld/printf$1441             printf
     000047E7  A$printfld/printf$1443             printf
     000047E8  A$printfld/printf$1444             printf
     000047E9  A$printfld/printf$1445             printf
     000047EB  A$printfld/printf$1447             printf
     000047EF  A$printfld/printf$1448             printf
     000047F1  A$printfld/printf$1449             printf
ASxxxx Linker V03.00 + NoICE + sdld,  page 24.
Hexadecimal  [32-Bits]

Area                                    Addr        Size        Decimal Bytes (Attributes)
--------------------------------        ----        ----        ------- ----- ------------
_CODE                               00004000    00003D6A =       15722. bytes (REL,CON)

      Value  Global                              Global Defined In Module
      -----  --------------------------------   ------------------------
     000047F4  A$printfld/printf$1450             printf
     000047F7  A$printfld/printf$1451             printf
     000047F8  A$printfld/printf$1455             printf
     000047F8  C$printf.c$296$1_0$59              printf
     000047F9  A$printfld/printf$1456             printf
     000047FD  A$printfld/printf$1457             printf
     000047FF  A$printfld/printf$1458             printf
     00004802  A$printfld/printf$1459             printf
     00004805  A$printfld/printf$1460             printf
     00004806  A$printfld/printf$1461             printf
     00004809  A$printfld/printf$1462             printf
     0000480C  A$printfld/printf$1463             printf
     0000480D  A$printfld/printf$1464             printf
     00004811  A$printfld/printf$1465             printf
     00004813  A$printfld/printf$1466             printf
     00004816  A$printfld/printf$1467             printf
     00004819  A$printfld/printf$1468             printf
     0000481A  A$printfld/printf$1469             printf
     0000481D  A$printfld/printf$1470             printf
     00004820  A$printfld/printf$1471             printf
     00004821  A$printfld/printf$1472             printf
     00004824  A$printfld/printf$1473             printf
     00004825  A$printfld/printf$1474             printf
     00004826  A$printfld/printf$1475             printf
     00004827  A$printfld/printf$1476             printf
     00004828  A$printfld/printf$1477             printf
     00004829  A$printfld/printf$1478             printf
     0000482D  A$printfld/printf$1479             printf
     0000482F  A$printfld/printf$1480             printf
     00004832  A$printfld/printf$1481             printf
     00004835  A$printfld/printf$1482             printf
     00004838  A$printfld/printf$1483             printf
     0000483B  A$printfld/printf$1487             printf
     0000483B  C$printf.c$297$2_0$61              printf
     0000483E  A$printfld/printf$1488             printf
     00004841  A$printfld/printf$1489             printf
     00004844  A$printfld/printf$1490             printf
     00004847  A$printfld/printf$1491             printf
     00004849  A$printfld/printf$1492             printf
     0000484A  A$printfld/printf$1493             printf
     0000484C  A$printfld/printf$1494             printf
     0000484D  A$printfld/printf$1495             printf
     0000484F  A$printfld/printf$1496             printf
     00004852  A$printfld/printf$1502             printf
     00004852  C$printf.c$300$1_0$59              printf
     00004855  A$printfld/printf$1503             printf
     00004856  A$printfld/printf$1504             printf
     00004857  A$printfld/printf$1505             printf
     00004858  A$printfld/printf$1506             printf
     00004859  A$printfld/printf$1507             printf
     0000485C  A$printfld/printf$1508             printf
ASxxxx Linker V03.00 + NoICE + sdld,  page 25.
Hexadecimal  [32-Bits]

Area                                    Addr        Size        Decimal Bytes (Attributes)
[...]
     00006D53  C$main.c$87$1_0$55                 main
     00006D56  A$mainuild/main$4361               main
     00006D56  C$main.c$90$1_0$55                 main
     00006D59  A$mainuild/main$4362               main
     00006D5C  A$mainuild/main$4366               main
     00006D5C  C$main.c$91$1_0$55                 main
     00006D5F  A$mainuild/main$4367               main
     00006D62  A$mainuild/main$4371               main
     00006D62  C$main.c$94$1_0$55                 main
     00006D64  A$mainuild/main$4372               main
     00006D67  A$mainuild/main$4376               main
     00006D67  C$main.c$97$1_0$55                 main
     00006D6A  A$mainuild/main$4377               main
     00006D6B  A$mainuild/main$4378               main
     00006D6E  A$mainuild/main$4379               main
     00006D6F  A$mainuild/main$4380               main
     00006D72  A$mainuild/main$4381               main
     00006D73  A$mainuild/main$4382               main
     00006D74  A$mainuild/main$4386               main
     00006D74  C$main.c$100$1_0$55                main
     00006D77  A$mainuild/main$4390               main
     00006D77  C$main.c$101$1_0$55                main
     00006D7A  A$mainuild/main$4391               main
     00006D7D  A$mainuild/main$4395               main
     00006D7D  C$main.c$104$1_0$55                main
     00006D7E  A$mainuild/main$4396               main
     00006D7F  A$mainuild/main$4397               main
     00006D80  A$mainuild/main$4398               main
     00006D83  A$mainuild/main$4399               main
     00006D84  A$mainuild/main$4400               main
     00006D87  A$mainuild/main$4401               main
     00006D88  A$mainuild/main$4402               main
     00006D89  A$mainuild/main$4406               main
     00006D89  C$main.c$105$1_0$55                main
     00006D8C  A$mainuild/main$4407               main
     00006D8F  A$mainuild/main$4411               main
     00006D8F  C$main.c$106$1_0$55                main
     00006D92  A$mainuild/main$4412               main
     00006D95  A$mainuild/main$4416               main
     00006D95  C$main.c$107$1_0$55                main
ASxxxx Linker V03.00 + NoICE + sdld,  page 80.
Hexadecimal  [32-Bits]

Area                                    Addr        Size        Decimal Bytes (Attributes)
--------------------------------        ----        ----        ------- ----- ------------
_CODE                               00004000    00003D6A =       15722. bytes (REL,CON)

      Value  Global                              Global Defined In Module
      -----  --------------------------------   ------------------------
     00006D98  A$mainuild/main$4420               main
     00006D98  C$main.c$109$1_0$55                main
     00006D9B  A$mainuild/main$4421               main
     00006D9C  A$mainuild/main$4422               main
     00006D9F  A$mainuild/main$4426               main
     00006D9F  C$main.c$110$1_0$55                main
     00006DA2  A$mainuild/main$4427               main
     00006DA3  A$mainuild/main$4428               main
     00006DA6  A$mainuild/main$4432               main
     00006DA6  C$main.c$111$1_0$55                main
     00006DA9  A$mainuild/main$4433               main
     00006DAA  A$mainuild/main$4434               main
     00006DAD  A$mainuild/main$4435               main
     00006DAE  A$mainuild/main$4443               main
     00006DAE  C$main.c$114$1_0$55                main
     00006DAE  C$main.c$118$2_0$56                main
     00006DB2  A$mainuild/main$4444               main
     00006DB5  A$mainuild/main$4445               main
     00006DB7  A$mainuild/main$4446               main
     00006DBA  A$mainuild/main$4447               main
     00006DBB  A$mainuild/main$4448               main
     00006DBC  A$mainuild/main$4449               main
     00006DBD  A$mainuild/main$4450               main
     00006DBF  A$mainuild/main$4451               main
     00006DC1  A$mainuild/main$4455               main
     00006DC1  C$main.c$119$3_0$57                main
     00006DC4  A$mainuild/main$4456               main
     00006DC5  A$mainuild/main$4457               main
     00006DC8  A$mainuild/main$4461               main
     00006DC8  C$main.c$120$3_0$57                main
     00006DCB  A$mainuild/main$4462               main
     00006DCC  A$mainuild/main$4463               main
     00006DCD  A$mainuild/main$4464               main
     00006DCE  A$mainuild/main$4465               main
     00006DCF  A$mainuild/main$4466               main
     00006DD0  A$mainuild/main$4467               main
     00006DD3  A$mainuild/main$4468               main
     00006DD4  A$mainuild/main$4469               main
     00006DD7  A$mainuild/main$4470               main
     00006DD8  A$mainuild/main$4471               main
     00006DD9  A$mainuild/main$4472               main
     00006DDC  A$mainuild/main$4473               main
     00006DDF  A$mainuild/main$4474               main
     00006DE0  A$mainuild/main$4475               main
     00006DE1  A$mainuild/main$4476               main
     00006DE4  A$mainuild/main$4477               main
     00006DE5  A$mainuild/main$4478               main
     00006DE8  A$mainuild/main$4479               main
     00006DE9  A$mainuild/main$4480               main
     00006DEA  A$mainuild/main$4484               main
     00006DEA  C$main.c$122$3_0$57                main
ASxxxx Linker V03.00 + NoICE + sdld,  page 81.
Hexadecimal  [32-Bits]

Area                                    Addr        Size        Decimal Bytes (Attributes)
--------------------------------        ----        ----        ------- ----- ------------
_CODE                               00004000    00003D6A =       15722. bytes (REL,CON)

      Value  Global                              Global Defined In Module
      -----  --------------------------------   ------------------------
     00006DED  A$mainuild/main$4485               main
     00006DF0  A$mainuild/main$4490               main
     00006DF0  C$main.c$126$2_0$56                main
     00006DF2  A$mainuild/main$4491               main
     00006DF5  A$mainuild/main$4492               main
     00006DF6  A$mainuild/main$4493               main
     00006DF8  A$mainuild/main$4494               main
     00006DFA  A$mainuild/main$4498               main
     00006DFA  C$main.c$127$2_0$56                main
     00006DFB  A$mainuild/main$4499               main
     00006DFC  A$mainuild/main$4500               main
     00006DFE  A$mainuild/main$4501               main
     00006DFF  A$mainuild/main$4502               main
     00006E01  A$mainuild/main$4503               main
     00006E02  A$mainuild/main$4504               main
     00006E03  A$mainuild/main$4505               main
     00006E06  A$mainuild/main$4506               main
     00006E07  A$mainuild/main$4507               main
     00006E08  A$mainuild/main$4512               main
     00006E08  C$main.c$129$2_0$56                main
     00006E0A  A$mainuild/main$4513               main
     00006E0D  A$mainuild/main$4514               main
     00006E0E  A$mainuild/main$4515               main
     00006E10  A$mainuild/main$4516               main
     00006E12  A$mainuild/main$4520               main
     00006E12  C$main.c$130$2_0$56                main
     00006E13  A$mainuild/main$4521               main
     00006E14  A$mainuild/main$4522               main
     00006E16  A$mainuild/main$4523               main
     00006E17  A$mainuild/main$4524               main
     00006E19  A$mainuild/main$4525               main
     00006E1A  A$mainuild/main$4526               main
     00006E1B  A$mainuild/main$4527               main
     00006E1E  A$mainuild/main$4528               main
     00006E1F  A$mainuild/main$4529               main
     00006E20  A$mainuild/main$4534               main
     00006E20  C$main.c$132$2_0$56                main
     00006E22  A$mainuild/main$4535               main
     00006E25  A$mainuild/main$4536               main
     00006E26  A$mainuild/main$4537               main
     00006E28  A$mainuild/main$4538               main
     00006E2A  A$mainuild/main$4542               main
     00006E2A  C$main.c$133$2_0$56                main
     00006E2B  A$mainuild/main$4543               main
     00006E2C  A$mainuild/main$4544               main
     00006E2E  A$mainuild/main$4545               main
     00006E2F  A$mainuild/main$4546               main
     00006E31  A$mainuild/main$4547               main
     00006E32  A$mainuild/main$4548               main
     00006E33  A$mainuild/main$4549               main
     00006E36  A$mainuild/main$4550               main
ASxxxx Linker V03.00 + NoICE + sdld,  page 82.
Hexadecimal  [32-Bits]

Area                                    Addr        Size        Decimal Bytes (Attributes)
--------------------------------        ----        ----        ------- ----- ------------
_CODE                               00004000    00003D6A =       15722. bytes (REL,CON)

      Value  Global                              Global Defined In Module
      -----  --------------------------------   ------------------------
     00006E37  A$mainuild/main$4551               main
     00006E38  A$mainuild/main$4556               main
     00006E38  C$main.c$135$2_0$56                main
     00006E3A  A$mainuild/main$4557               main
     00006E3D  A$mainuild/main$4558               main
     00006E3E  A$mainuild/main$4559               main
     00006E40  A$mainuild/main$4560               main
     00006E42  A$mainuild/main$4564               main
     00006E42  C$main.c$136$2_0$56                main
     00006E43  A$mainuild/main$4565               main
     00006E44  A$mainuild/main$4566               main
     00006E46  A$mainuild/main$4567               main
     00006E47  A$mainuild/main$4568               main
     00006E49  A$mainuild/main$4569               main
     00006E4A  A$mainuild/main$4570               main
     00006E4B  A$mainuild/main$4571               main
     00006E4E  A$mainuild/main$4572               main
     00006E4F  A$mainuild/main$4573               main
     00006E50  A$mainuild/main$4578               main
     00006E50  C$main.c$138$2_0$56                main
     00006E52  A$mainuild/main$4579               main
     00006E55  A$mainuild/main$4580               main
     00006E56  A$mainuild/main$4581               main
     00006E58  A$mainuild/main$4582               main
     00006E5A  A$mainuild/main$4586               main
     00006E5A  C$main.c$139$2_0$56                main
     00006E5B  A$mainuild/main$4587               main
     00006E5C  A$mainuild/main$4588               main
     00006E5E  A$mainuild/main$4589               main
     00006E5F  A$mainuild/main$4590               main
     00006E61  A$mainuild/main$4591               main
     00006E62  A$mainuild/main$4592               main
     00006E63  A$mainuild/main$4593               main
     00006E66  A$mainuild/main$4594               main
     00006E67  A$mainuild/main$4595               main
     00006E68  A$mainuild/main$4600               main
     00006E68  C$main.c$140$2_0$56                main
     00006E6B  A$mainuild/main$4601               main
     00006E6E  A$mainuild/main$4605               main
     00006E71  A$mainuild/main$4606               main
     00006E72  A$mainuild/main$4607               main
     00006E73  A$mainuild/main$4612               main
     00006E73  C$main.c$143$1_0$55                main
     00006E73  XG$main$0$0                        main
     00006E74  Fmain$__str_0$0_0$0                main
     00006E83  Fmain$__str_1$0_0$0                main
     00006E97  Fmain$__str_2$0_0$0                main
     00006E9E  Fmain$__str_3$0_0$0                main
     00006EA4  Fmain$__str_4$0_0$0                main
     00006EB0  _PLY_AKM_INITSOUNDEFFECTS          
     00006EB4  _PLY_AKM_PLAYSOUNDEFFECT           
ASxxxx Linker V03.00 + NoICE + sdld,  page 83.
Hexadecimal  [32-Bits]

Area                                    Addr        Size        Decimal Bytes (Attributes)
--------------------------------        ----        ----        ------- ----- ------------
_CODE                               00004000    00003D6A =       15722. bytes (REL,CON)

      Value  Global                              Global Defined In Module
      -----  --------------------------------   ------------------------
     00006EDC  _PLY_AKM_STOPSOUNDEFFECTFROMCHAN   
     00006F99  _PLY_AKM_INIT                      
     0000707B  _PLY_AKM_STOP                      
     00007091  _PLY_AKM_PLAY                      
     00007475  _PLY_AKM_ISSOUNDEFFECTON           
     00007485  _ALIENALL_START                    
     00007485  _SONG                              
     00007B56  _EFFECTS                           
     00007B56  _GREEN_SOUNDEFFECTS                
     00007C35  _ubox_fill_screen                  
     00007C3F  _ubox_enable_screen                
     00007C42  _ubox_set_tiles                    
     00007C61  _mplayer_play_effect_p             mplayer
     00007C83  _ubox_set_mode                     
     00007C87  _ubox_set_user_isr                 
     00007C8D  _ubox_init_isr                     
     00007CD9  _ubox_put_tile                     
     00007CF4  _mplayer_is_sound_effect_on        mplayer
     00007CF7  ___sdcc_call_hl                    
     00007CF8  _mplayer_init_effects              mplayer
     00007CFF  _mplayer_init                      
     00007D14  _mplayer_play                      mplayer
     00007D17  _ubox_disable_screen               
     00007D1A  _ubox_wait                         
     00007D2D  _ubox_read_keys                    
     00007D34  _ubox_set_tiles_colors             
     00007D53  _ubox_set_colors                   

ASxxxx Linker V03.00 + NoICE + sdld,  page 84.
Hexadecimal  [32-Bits]

Area                                    Addr        Size        Decimal Bytes (Attributes)
--------------------------------        ----        ----        ------- ----- ------------
_HOME                               00007D6A    00000145 =         325. bytes (REL,CON)

      Value  Global                              Global Defined In Module
      -----  --------------------------------   ------------------------
     00007D6A  __modulong                         _modulong
     00007E1D  __divulong                         _divulong

ASxxxx Linker V03.00 + NoICE + sdld,  page 85.
Hexadecimal  [32-Bits]

Area                                    Addr        Size        Decimal Bytes (Attributes)
--------------------------------        ----        ----        ------- ----- ------------
_INITIALIZER                        00007EAF    00000008 =           8. bytes (REL,CON)

      Value  Global                              Global Defined In Module
      -----  --------------------------------   ------------------------
     00007EAF  Fmain$__xinit_gcounter$0_0$0       main
     00007EB1  Fmain$__xinit_gcount$0_0$0         main
     00007EB3  Fmain$__xinit_g_x$0_0$0            main
     00007EB5  Fmain$__xinit_g_y$0_0$0            main

ASxxxx Linker V03.00 + NoICE + sdld,  page 86.
Hexadecimal  [32-Bits]

Area                                    Addr        Size        Decimal Bytes (Attributes)
--------------------------------        ----        ----        ------- ----- ------------
_GSINIT                             00007EB7    0000000F =          15. bytes (REL,CON)

      Value  Global                              Global Defined In Module
      -----  --------------------------------   ------------------------
     00007EB7  gsinit                             crt0

ASxxxx Linker V03.00 + NoICE + sdld,  page 87.
Hexadecimal  [32-Bits]

Area                                    Addr        Size        Decimal Bytes (Attributes)
--------------------------------        ----        ----        ------- ----- ------------
_GSFINAL                            00007EC6    00000001 =           1. bytes (REL,CON)

      Value  Global                              Global Defined In Module
      -----  --------------------------------   ------------------------
ASxxxx Linker V03.00 + NoICE + sdld,  page 88.
Hexadecimal  [32-Bits]

Area                                    Addr        Size        Decimal Bytes (Attributes)
--------------------------------        ----        ----        ------- ----- ------------
_DATA                               0000C0DE    00000006 =           6. bytes (REL,CON)

      Value  Global                              Global Defined In Module
      -----  --------------------------------   ------------------------
     0000C0DE  ubox_isr_wait_ticks                
     0000C0DF  ubox_isr_wait_tick                 
     0000C0E0  _ubox_tick                         
     0000C0E1  ubox_usr_isr                       
     0000C0E3  mplayer_current_efx                mplayer

ASxxxx Linker V03.00 + NoICE + sdld,  page 89.
Hexadecimal  [32-Bits]

Area                                    Addr        Size        Decimal Bytes (Attributes)
--------------------------------        ----        ----        ------- ----- ------------
_INITIALIZED                        0000C0E4    00000008 =           8. bytes (REL,CON)

      Value  Global                              Global Defined In Module
      -----  --------------------------------   ------------------------
     0000C0E4  G$gcounter$0_0$0                   main
     0000C0E4  _gcounter                          main
     0000C0E6  G$gcount$0_0$0                     main
     0000C0E6  _gcount                            main
     0000C0E8  G$g_x$0_0$0                        main
     0000C0E8  _g_x                               main
     0000C0EA  G$g_y$0_0$0                        main
     0000C0EA  _g_y                               main

ASxxxx Linker V03.00 + NoICE + sdld,  page 90.

Files Linked                              [ module(s) ]

../build/crt0.rel                         [ crt0 ]
../build/printf.rel                       [ printf ]
../build/main.rel                         [ main ]
../build/akm.rel                          [  ]


Libraries Linked                          [ object file ]

../lib/ubox.lib                           [ ubox_fill_screen.rel ]
../lib/ubox.lib                           [ ubox_enable_screen.rel ]
../lib/ubox.lib                           [ ubox_set_tiles.rel ]
../lib/mplayer.lib                        [ mplayer_play_effect_p.rel ]
../lib/ubox.lib                           [ ubox_set_mode.rel ]
../lib/ubox.lib                           [ ubox_set_user_isr.rel ]
../lib/ubox.lib                           [ ubox_isr.rel ]
../lib/ubox.lib                           [ ubox_put_tile.rel ]
/usr/local/bin/../share/sdcc/lib/z80/z80.lib
                                          [ _modulong.rel ]
../lib/mplayer.lib                        [ mplayer_is_sound_effect_on.rel ]
/usr/local/bin/../share/sdcc/lib/z80/z80.lib
                                          [ _divulong.rel ]
/usr/local/bin/../share/sdcc/lib/z80/z80.lib
                                          [ __sdcc_call_hl.rel ]
../lib/mplayer.lib                        [ mplayer_init_effects.rel ]
../lib/mplayer.lib                        [ mplayer_init.rel ]
../lib/mplayer.lib                        [ mplayer_play.rel ]
../lib/ubox.lib                           [ ubox_disable_screen.rel ]
../lib/ubox.lib                           [ ubox_wait.rel ]
../lib/ubox.lib                           [ ubox_read_keys.rel ]
../lib/ubox.lib                           [ ubox_set_tiles_colors.rel ]
../lib/ubox.lib                           [ ubox_set_colors.rel ]

ASxxxx Linker V03.00 + NoICE + sdld,  page 91.

User Base Address Definitions

_CODE = 0x4000
_DATA = 0xc0de

